Archive member included because of file (symbol)

C:\Users\Declan\Documents\GitKraken\Power Meter\Library\libOS.a(OS.o)
                              ./Generated_Code/Vectors.o (OS_ContextSwitchISR)
C:\Users\Declan\Documents\GitKraken\Power Meter\Library\libLab3.a(FTM.o)
                              ./Generated_Code/Vectors.o (FTM0_ISR)
C:\Users\Declan\Documents\GitKraken\Power Meter\Library\libLab3.a(Flash.o)
                              ./Sources/main.o (Flash_Init)
C:\Users\Declan\Documents\GitKraken\Power Meter\Library\libLab3.a(RTC.o)
                              ./Sources/main.o (RTC_Init)
C:\Users\Declan\Documents\GitKraken\Power Meter\Library\libLab3.a(UART.o)
                              ./Generated_Code/Vectors.o (UART_ISR)
C:\Users\Declan\Documents\GitKraken\Power Meter\Library\libLab3.a(packet.o)
                              ./Sources/main.o (Packet)
C:\Users\Declan\Documents\GitKraken\Power Meter\Library\libLab3.a(FIFO.o)
                              C:\Users\Declan\Documents\GitKraken\Power Meter\Library\libLab3.a(UART.o) (FIFO_Init)
C:\Users\Declan\Documents\GitKraken\Power Meter\Library\libAnalog.a(analog.o)
                              ./Sources/main.o (Analog_Init)
C:\Users\Declan\Documents\GitKraken\Power Meter\Library\libAnalog.a(SPI.o)
                              C:\Users\Declan\Documents\GitKraken\Power Meter\Library\libAnalog.a(analog.o) (SPI_Init)
c:/freescale/kds_v3/toolchain/bin/../lib/gcc/arm-none-eabi/4.8.4/armv7e-m/fpu\libgcc.a(_arm_addsubdf3.o)
                              ./Sources/Mathematics.o (__aeabi_f2d)
c:/freescale/kds_v3/toolchain/bin/../lib/gcc/arm-none-eabi/4.8.4/armv7e-m/fpu\libgcc.a(_arm_muldivdf3.o)
                              ./Sources/Mathematics.o (__aeabi_dmul)
c:/freescale/kds_v3/toolchain/bin/../lib/gcc/arm-none-eabi/4.8.4/armv7e-m/fpu\libgcc.a(_arm_truncdfsf2.o)
                              ./Sources/Mathematics.o (__aeabi_d2f)
c:/freescale/kds_v3/toolchain/bin/../lib/gcc/arm-none-eabi/4.8.4/../../../../arm-none-eabi/lib/armv7e-m/fpu\libg_s.a(lib_a-exit.o)
                              c:/freescale/kds_v3/toolchain/bin/../lib/gcc/arm-none-eabi/4.8.4/../../../../arm-none-eabi/lib/armv7e-m/fpu/crt0.o (exit)
c:/freescale/kds_v3/toolchain/bin/../lib/gcc/arm-none-eabi/4.8.4/../../../../arm-none-eabi/lib/armv7e-m/fpu\libg_s.a(lib_a-impure.o)
                              c:/freescale/kds_v3/toolchain/bin/../lib/gcc/arm-none-eabi/4.8.4/../../../../arm-none-eabi/lib/armv7e-m/fpu\libg_s.a(lib_a-exit.o) (_global_impure_ptr)
c:/freescale/kds_v3/toolchain/bin/../lib/gcc/arm-none-eabi/4.8.4/../../../../arm-none-eabi/lib/armv7e-m/fpu\libg_s.a(lib_a-init.o)
                              c:/freescale/kds_v3/toolchain/bin/../lib/gcc/arm-none-eabi/4.8.4/../../../../arm-none-eabi/lib/armv7e-m/fpu/crt0.o (__libc_init_array)
c:/freescale/kds_v3/toolchain/bin/../lib/gcc/arm-none-eabi/4.8.4/../../../../arm-none-eabi/lib/armv7e-m/fpu\libg_s.a(lib_a-memset.o)
                              c:/freescale/kds_v3/toolchain/bin/../lib/gcc/arm-none-eabi/4.8.4/../../../../arm-none-eabi/lib/armv7e-m/fpu/crt0.o (memset)
c:/freescale/kds_v3/toolchain/bin/../lib/gcc/arm-none-eabi/4.8.4/../../../../arm-none-eabi/lib/armv7e-m/fpu\libnosys.a(_exit.o)
                              c:/freescale/kds_v3/toolchain/bin/../lib/gcc/arm-none-eabi/4.8.4/../../../../arm-none-eabi/lib/armv7e-m/fpu\libg_s.a(lib_a-exit.o) (_exit)

Allocating common symbols
Common symbol       size              file

CurrentRMS          0x8               ./Sources/main.o
Packet              0x5               C:\Users\Declan\Documents\GitKraken\Power Meter\Library\libLab3.a(packet.o)
AnalogOutput        0x50              ./Sources/main.o
VoltageInputData    0x30              ./Sources/main.o
SR_reg              0x1               ./Generated_Code/Cpu.o
InstantPower        0x2               ./Sources/main.o
CurrentInputData    0x30              ./Sources/main.o
InputVoltValues     0x20              ./Sources/main.o
InputCurrValues     0x20              ./Sources/main.o
UARTRxSemaphore     0x4               ./Sources/main.o
DACInput            0x4               C:\Users\Declan\Documents\GitKraken\Power Meter\Library\libAnalog.a(analog.o)
UARTTxSemaphore     0x4               ./Sources/main.o
InputVoltPtr        0x4               ./Sources/main.o
InputCurrPtr        0x4               ./Sources/main.o
VoltageRMS          0x8               ./Sources/main.o

Discarded input sections

 .text          0x00000000        0x0 c:/freescale/kds_v3/toolchain/bin/../lib/gcc/arm-none-eabi/4.8.4/armv7e-m/fpu/crti.o
 .data          0x00000000        0x0 c:/freescale/kds_v3/toolchain/bin/../lib/gcc/arm-none-eabi/4.8.4/armv7e-m/fpu/crti.o
 .bss           0x00000000        0x0 c:/freescale/kds_v3/toolchain/bin/../lib/gcc/arm-none-eabi/4.8.4/armv7e-m/fpu/crti.o
[...]
Memory Configuration

Name             Origin             Length             Attributes
m_interrupts     0x00000000         0x000001e8         xr
m_text           0x00000410         0x0007fbf0         xr
m_data           0x1fff0000         0x00010000         rw
m_data_20000000  0x20000000         0x00010000         rw
m_cfmprotrom     0x00000400         0x00000010         xr
*default*        0x00000000         0xffffffff

Linker script and memory map

LOAD c:/freescale/kds_v3/toolchain/bin/../lib/gcc/arm-none-eabi/4.8.4/armv7e-m/fpu/crti.o
LOAD c:/freescale/kds_v3/toolchain/bin/../lib/gcc/arm-none-eabi/4.8.4/armv7e-m/fpu/crtbegin.o
LOAD c:/freescale/kds_v3/toolchain/bin/../lib/gcc/arm-none-eabi/4.8.4/../../../../arm-none-eabi/lib/armv7e-m/fpu/crt0.o
LOAD ./Sources/Command.o
LOAD ./Sources/Mathematics.o
LOAD ./Sources/MyPIT.o
LOAD ./Sources/main.o
LOAD ./Sources/median.o
LOAD ./Project_Settings/Startup_Code/startup.o
LOAD ./Generated_Code/Cpu.o
LOAD ./Generated_Code/Vectors.o
LOAD C:\Users\Declan\Documents\GitKraken\Power Meter\Library\libOS.a
LOAD C:\Users\Declan\Documents\GitKraken\Power Meter\Library\libLab3.a
LOAD C:\Users\Declan\Documents\GitKraken\Power Meter\Library\libAnalog.a
LOAD c:/freescale/kds_v3/toolchain/bin/../lib/gcc/arm-none-eabi/4.8.4/../../../../arm-none-eabi/lib/armv7e-m/fpu\libstdc++_s.a
LOAD c:/freescale/kds_v3/toolchain/bin/../lib/gcc/arm-none-eabi/4.8.4/../../../../arm-none-eabi/lib/armv7e-m/fpu\libm.a
START GROUP
LOAD c:/freescale/kds_v3/toolchain/bin/../lib/gcc/arm-none-eabi/4.8.4/armv7e-m/fpu\libgcc.a
LOAD c:/freescale/kds_v3/toolchain/bin/../lib/gcc/arm-none-eabi/4.8.4/../../../../arm-none-eabi/lib/armv7e-m/fpu\libg_s.a
LOAD c:/freescale/kds_v3/toolchain/bin/../lib/gcc/arm-none-eabi/4.8.4/../../../../arm-none-eabi/lib/armv7e-m/fpu\libc_s.a
END GROUP
START GROUP
LOAD c:/freescale/kds_v3/toolchain/bin/../lib/gcc/arm-none-eabi/4.8.4/armv7e-m/fpu\libgcc.a
LOAD c:/freescale/kds_v3/toolchain/bin/../lib/gcc/arm-none-eabi/4.8.4/../../../../arm-none-eabi/lib/armv7e-m/fpu\libc_s.a
LOAD c:/freescale/kds_v3/toolchain/bin/../lib/gcc/arm-none-eabi/4.8.4/../../../../arm-none-eabi/lib/armv7e-m/fpu\libnosys.a
END GROUP
START GROUP
LOAD c:/freescale/kds_v3/toolchain/bin/../lib/gcc/arm-none-eabi/4.8.4/armv7e-m/fpu\libgcc.a
LOAD c:/freescale/kds_v3/toolchain/bin/../lib/gcc/arm-none-eabi/4.8.4/../../../../arm-none-eabi/lib/armv7e-m/fpu\libc_s.a
LOAD c:/freescale/kds_v3/toolchain/bin/../lib/gcc/arm-none-eabi/4.8.4/../../../../arm-none-eabi/lib/armv7e-m/fpu\libnosys.a
END GROUP
LOAD c:/freescale/kds_v3/toolchain/bin/../lib/gcc/arm-none-eabi/4.8.4/armv7e-m/fpu/crtend.o
LOAD c:/freescale/kds_v3/toolchain/bin/../lib/gcc/arm-none-eabi/4.8.4/armv7e-m/fpu/crtn.o
                0x20000000                _estack = 0x20000000
                0x20000000                __SP_INIT = _estack
                0x20000000                __stack = _estack
                0x00000000                __heap_size = 0x0
                0x00000400                __stack_size = 0x400

.interrupts     0x00000000      0x1e8
                0x00000000                __vector_table = .
                0x00000000                . = ALIGN (0x4)
 *(.vectortable)
 .vectortable   0x00000000      0x1e8 ./Generated_Code/Vectors.o
                0x00000000                __vect_table
                0x000001e8                . = ALIGN (0x4)

.cfmprotect     0x00000400       0x10
                0x00000400                . = ALIGN (0x4)
 *(.cfmconfig)
 .cfmconfig     0x00000400       0x10 ./Generated_Code/Cpu.o
                0x00000400                _cfm
                0x00000410                . = ALIGN (0x4)

.text           0x00000410     0x2df8
                0x00000410                . = ALIGN (0x4)
 *(.text)
 .text          0x00000410       0x54 c:/freescale/kds_v3/toolchain/bin/../lib/gcc/arm-none-eabi/4.8.4/armv7e-m/fpu/crtbegin.o
 .text          0x00000464       0x74 c:/freescale/kds_v3/toolchain/bin/../lib/gcc/arm-none-eabi/4.8.4/../../../../arm-none-eabi/lib/armv7e-m/fpu/crt0.o
                0x00000464                _start
                0x00000464                _mainCRTStartup
 .text          0x000004d8      0x370 c:/freescale/kds_v3/toolchain/bin/../lib/gcc/arm-none-eabi/4.8.4/armv7e-m/fpu\libgcc.a(_arm_addsubdf3.o)
                0x000004d8                __aeabi_drsub
                0x000004e0                __aeabi_dsub
                0x000004e0                __subdf3
                0x000004e4                __aeabi_dadd
                0x000004e4                __adddf3
                0x0000075c                __floatunsidf
                0x0000075c                __aeabi_ui2d
                0x0000077c                __floatsidf
                0x0000077c                __aeabi_i2d
                0x000007a0                __aeabi_f2d
                0x000007a0                __extendsfdf2
                0x000007dc                __floatundidf
                0x000007dc                __aeabi_ul2d
                0x000007ec                __floatdidf
                0x000007ec                __aeabi_l2d
 .text          0x00000848      0x424 c:/freescale/kds_v3/toolchain/bin/../lib/gcc/arm-none-eabi/4.8.4/armv7e-m/fpu\libgcc.a(_arm_muldivdf3.o)
                0x00000848                __aeabi_dmul
                0x00000848                __muldf3
                0x00000a9c                __divdf3
                0x00000a9c                __aeabi_ddiv
 .text          0x00000c6c       0xa0 c:/freescale/kds_v3/toolchain/bin/../lib/gcc/arm-none-eabi/4.8.4/armv7e-m/fpu\libgcc.a(_arm_truncdfsf2.o)
                0x00000c6c                __truncdfsf2
                0x00000c6c                __aeabi_d2f
 *(.text*)
 .text.Command_Test
                0x00000d0c       0x1c ./Sources/Command.o
                0x00000d0c                Command_Test
 .text.Command_Tariff
                0x00000d28       0x28 ./Sources/Command.o
                0x00000d28                Command_Tariff
 .text.Command_TimeA
                0x00000d50       0x28 ./Sources/Command.o
                0x00000d50                Command_TimeA
 .text.Command_TimeB
                0x00000d78        0xc ./Sources/Command.o
                0x00000d78                Command_TimeB
 .text.Command_Power
                0x00000d84        0xc ./Sources/Command.o
                0x00000d84                Command_Power
 .text.Command_Energy
                0x00000d90        0xc ./Sources/Command.o
                0x00000d90                Command_Energy
 .text.Command_Cost
                0x00000d9c        0xc ./Sources/Command.o
                0x00000d9c                Command_Cost
 .text.Command_Frequency
                0x00000da8        0xc ./Sources/Command.o
                0x00000da8                Command_Frequency
 .text.Command_Voltage
                0x00000db4        0xc ./Sources/Command.o
                0x00000db4                Command_Voltage
 .text.Command_Current
                0x00000dc0        0xc ./Sources/Command.o
                0x00000dc0                Command_Current
 .text.Command_PowerFactor
                0x00000dcc        0xc ./Sources/Command.o
                0x00000dcc                Command_PowerFactor
 .text.Mathematics_RMS
                0x00000dd8       0x60 ./Sources/Mathematics.o
                0x00000dd8                Mathematics_RMS
 .text.Mathematics_FindLargest
                0x00000e38       0x40 ./Sources/Mathematics.o
                0x00000e38                Mathematics_FindLargest
 .text.MyPIT_Init
                0x00000e78      0x134 ./Sources/MyPIT.o
                0x00000e78                MyPIT_Init
 .text.MyPIT_Set
                0x00000fac       0xb0 ./Sources/MyPIT.o
                0x00000fac                MyPIT_Set
 .text.MyPIT_Enable
                0x0000105c       0xf4 ./Sources/MyPIT.o
                0x0000105c                MyPIT_Enable
 .text.PIT0_ISR
                0x00001150       0x28 ./Sources/MyPIT.o
                0x00001150                PIT0_ISR
 .text.PIT1_ISR
                0x00001178       0x28 ./Sources/MyPIT.o
                0x00001178                PIT1_ISR
 .text.PIT2_ISR
                0x000011a0       0x28 ./Sources/MyPIT.o
                0x000011a0                PIT2_ISR
 .text.PIT3_ISR
                0x000011c8       0x28 ./Sources/MyPIT.o
                0x000011c8                PIT3_ISR
 .text.PIT0Callback
                0x000011f0       0x58 ./Sources/main.o
 .text.PIT1Callback
                0x00001248       0x14 ./Sources/main.o
 .text.PIT2Callback
                0x0000125c       0x14 ./Sources/main.o
 .text.PIT3Callback
                0x00001270       0x14 ./Sources/main.o
 .text.TariffDefaults
                0x00001284       0xc0 ./Sources/main.o
                0x00001284                TariffDefaults
 .text.RTC_Callback
                0x00001344       0x14 ./Sources/main.o
 .text.DEMInit  0x00001358       0xe0 ./Sources/main.o
                0x00001358                DEMInit
 .text.CommandHandle
                0x00001438       0xfc ./Sources/main.o
                0x00001438                CommandHandle
 .text.main     0x00001534       0x64 ./Sources/main.o
                0x00001534                main
 .text.__copy_rom_section
                0x00001598       0xe4 ./Project_Settings/Startup_Code/startup.o
                0x00001598                __copy_rom_section
 .text.__copy_rom_sections_to_ram
                0x0000167c       0x9c ./Project_Settings/Startup_Code/startup.o
                0x0000167c                __copy_rom_sections_to_ram
 .text.__init_registers
                0x00001718       0x20 ./Project_Settings/Startup_Code/startup.o
                0x00001718                __init_registers
 .text.__init_user
                0x00001738        0xc ./Project_Settings/Startup_Code/startup.o
                0x00001738                __init_user
 .text.__thumb_startup
                0x00001744       0x34 ./Project_Settings/Startup_Code/startup.o
                0x00001744                __thumb_startup
 .text.Cpu_Interrupt
                0x00001778       0x18 ./Generated_Code/Cpu.o
                0x00001778                Cpu_Interrupt
 .text.__init_hardware
                0x00001790      0x1cc ./Generated_Code/Cpu.o
                0x00001790                __init_hardware
 .text.OS_ISREnter
                0x0000195c       0x20 C:\Users\Declan\Documents\GitKraken\Power Meter\Library\libOS.a(OS.o)
                0x0000195c                OS_ISREnter
 .text.OS_ISRExit
                0x0000197c       0x1c C:\Users\Declan\Documents\GitKraken\Power Meter\Library\libOS.a(OS.o)
                0x0000197c                OS_ISRExit
 .text.FindFirstSet
                0x00001998       0x44 C:\Users\Declan\Documents\GitKraken\Power Meter\Library\libOS.a(OS.o)
 .text.Schedule
                0x000019dc       0x64 C:\Users\Declan\Documents\GitKraken\Power Meter\Library\libOS.a(OS.o)
 .text.TimeTick
                0x00001a40       0x74 C:\Users\Declan\Documents\GitKraken\Power Meter\Library\libOS.a(OS.o)
 *fill*         0x00001ab4        0xc 
 .text.OS_ContextSwitchISR
                0x00001ac0       0x70 C:\Users\Declan\Documents\GitKraken\Power Meter\Library\libOS.a(OS.o)
                0x00001ac0                OS_ContextSwitchISR
 .text.OS_SysTickISR
                0x00001b30       0x5c C:\Users\Declan\Documents\GitKraken\Power Meter\Library\libOS.a(OS.o)
                0x00001b30                OS_SysTickISR
 .text.FTM0_ISR
                0x00001b8c       0xb8 C:\Users\Declan\Documents\GitKraken\Power Meter\Library\libLab3.a(FTM.o)
                0x00001b8c                FTM0_ISR
 .text.LaunchCommand
                0x00001c44       0x60 C:\Users\Declan\Documents\GitKraken\Power Meter\Library\libLab3.a(Flash.o)
 .text.WritePhrase
                0x00001ca4       0x94 C:\Users\Declan\Documents\GitKraken\Power Meter\Library\libLab3.a(Flash.o)
 .text.EraseSector
                0x00001d38       0x74 C:\Users\Declan\Documents\GitKraken\Power Meter\Library\libLab3.a(Flash.o)
 .text.ModifyPhrase
                0x00001dac       0x34 C:\Users\Declan\Documents\GitKraken\Power Meter\Library\libLab3.a(Flash.o)
 .text.Flash_Init
                0x00001de0       0x28 C:\Users\Declan\Documents\GitKraken\Power Meter\Library\libLab3.a(Flash.o)
                0x00001de0                Flash_Init
 .text.Flash_AllocateVar
                0x00001e08       0x9c C:\Users\Declan\Documents\GitKraken\Power Meter\Library\libLab3.a(Flash.o)
                0x00001e08                Flash_AllocateVar
 .text.Flash_Write32
                0x00001ea4       0x64 C:\Users\Declan\Documents\GitKraken\Power Meter\Library\libLab3.a(Flash.o)
                0x00001ea4                Flash_Write32
 .text.Flash_Write16
                0x00001f08       0x64 C:\Users\Declan\Documents\GitKraken\Power Meter\Library\libLab3.a(Flash.o)
                0x00001f08                Flash_Write16
 .text.Flash_Erase
                0x00001f6c       0x1c C:\Users\Declan\Documents\GitKraken\Power Meter\Library\libLab3.a(Flash.o)
                0x00001f6c                Flash_Erase
 .text.RTC_Init
                0x00001f88       0xd0 C:\Users\Declan\Documents\GitKraken\Power Meter\Library\libLab3.a(RTC.o)
                0x00001f88                RTC_Init
 .text.RTC_ISR  0x00002058       0x34 C:\Users\Declan\Documents\GitKraken\Power Meter\Library\libLab3.a(RTC.o)
                0x00002058                RTC_ISR
 .text.UART_Init
                0x0000208c      0x324 C:\Users\Declan\Documents\GitKraken\Power Meter\Library\libLab3.a(UART.o)
                0x0000208c                UART_Init
 .text.UART_InChar
                0x000023b0       0x20 C:\Users\Declan\Documents\GitKraken\Power Meter\Library\libLab3.a(UART.o)
                0x000023b0                UART_InChar
 .text.UART_OutChar
                0x000023d0       0x88 C:\Users\Declan\Documents\GitKraken\Power Meter\Library\libLab3.a(UART.o)
                0x000023d0                UART_OutChar
 .text.UART_ISR
                0x00002458       0x90 C:\Users\Declan\Documents\GitKraken\Power Meter\Library\libLab3.a(UART.o)
                0x00002458                UART_ISR
 .text.Packet_Init
                0x000024e8       0x20 C:\Users\Declan\Documents\GitKraken\Power Meter\Library\libLab3.a(packet.o)
                0x000024e8                Packet_Init
 .text.CalcChecksum
                0x00002508       0x30 C:\Users\Declan\Documents\GitKraken\Power Meter\Library\libLab3.a(packet.o)
 .text.Packet_Get
                0x00002538       0x90 C:\Users\Declan\Documents\GitKraken\Power Meter\Library\libLab3.a(packet.o)
                0x00002538                Packet_Get
 .text.Packet_Put
                0x000025c8       0x90 C:\Users\Declan\Documents\GitKraken\Power Meter\Library\libLab3.a(packet.o)
                0x000025c8                Packet_Put
 .text.FIFO_Init
                0x00002658       0x6c C:\Users\Declan\Documents\GitKraken\Power Meter\Library\libLab3.a(FIFO.o)
                0x00002658                FIFO_Init
 .text.FIFO_Put
                0x000026c4       0xa8 C:\Users\Declan\Documents\GitKraken\Power Meter\Library\libLab3.a(FIFO.o)
                0x000026c4                FIFO_Put
 .text.FIFO_Get
                0x0000276c       0xa8 C:\Users\Declan\Documents\GitKraken\Power Meter\Library\libLab3.a(FIFO.o)
                0x0000276c                FIFO_Get
 .text.DACWrite
                0x00002814       0x6c C:\Users\Declan\Documents\GitKraken\Power Meter\Library\libAnalog.a(analog.o)
 .text.Analog_Init
                0x00002880       0x7c C:\Users\Declan\Documents\GitKraken\Power Meter\Library\libAnalog.a(analog.o)
                0x00002880                Analog_Init
 .text.Analog_Get
                0x000028fc       0x78 C:\Users\Declan\Documents\GitKraken\Power Meter\Library\libAnalog.a(analog.o)
                0x000028fc                Analog_Get
 .text.InitChipSelectPins
                0x00002974       0x6c C:\Users\Declan\Documents\GitKraken\Power Meter\Library\libAnalog.a(SPI.o)
 .text.SetupModuleConfigurationRegister
                0x000029e0      0x104 C:\Users\Declan\Documents\GitKraken\Power Meter\Library\libAnalog.a(SPI.o)
 .text.SetBaudRate
                0x00002ae4      0x15c C:\Users\Declan\Documents\GitKraken\Power Meter\Library\libAnalog.a(SPI.o)
 .text.SetDelayAfterTransfer
                0x00002c40      0x168 C:\Users\Declan\Documents\GitKraken\Power Meter\Library\libAnalog.a(SPI.o)
 .text.SetupClockAndTransferAttributesRegister
                0x00002da8      0x16c C:\Users\Declan\Documents\GitKraken\Power Meter\Library\libAnalog.a(SPI.o)
 .text.SPI_Init
                0x00002f14       0x90 C:\Users\Declan\Documents\GitKraken\Power Meter\Library\libAnalog.a(SPI.o)
                0x00002f14                SPI_Init
 .text.SPI_SelectSlaveDevice
                0x00002fa4       0x6c C:\Users\Declan\Documents\GitKraken\Power Meter\Library\libAnalog.a(SPI.o)
                0x00002fa4                SPI_SelectSlaveDevice
 .text.SPI_Exchange
                0x00003010       0x94 C:\Users\Declan\Documents\GitKraken\Power Meter\Library\libAnalog.a(SPI.o)
                0x00003010                SPI_Exchange
 .text.exit     0x000030a4       0x28 c:/freescale/kds_v3/toolchain/bin/../lib/gcc/arm-none-eabi/4.8.4/../../../../arm-none-eabi/lib/armv7e-m/fpu\libg_s.a(lib_a-exit.o)
                0x000030a4                exit
 .text.__libc_init_array
                0x000030cc       0x4c c:/freescale/kds_v3/toolchain/bin/../lib/gcc/arm-none-eabi/4.8.4/../../../../arm-none-eabi/lib/armv7e-m/fpu\libg_s.a(lib_a-init.o)
                0x000030cc                __libc_init_array
 .text.memset   0x00003118       0x10 c:/freescale/kds_v3/toolchain/bin/../lib/gcc/arm-none-eabi/4.8.4/../../../../arm-none-eabi/lib/armv7e-m/fpu\libg_s.a(lib_a-memset.o)
                0x00003118                memset
 .text._exit    0x00003128        0x4 c:/freescale/kds_v3/toolchain/bin/../lib/gcc/arm-none-eabi/4.8.4/../../../../arm-none-eabi/lib/armv7e-m/fpu\libnosys.a(_exit.o)
                0x00003128                _exit
 *(.rodata)
 .rodata        0x0000312c       0xa0 C:\Users\Declan\Documents\GitKraken\Power Meter\Library\libAnalog.a(SPI.o)
 *(.rodata*)
 .rodata.SPI_SETUP
                0x000031cc       0x1c C:\Users\Declan\Documents\GitKraken\Power Meter\Library\libAnalog.a(analog.o)
 .rodata.str1.1
                0x000031e8        0x2 c:/freescale/kds_v3/toolchain/bin/../lib/gcc/arm-none-eabi/4.8.4/../../../../arm-none-eabi/lib/armv7e-m/fpu\libg_s.a(lib_a-impure.o)
 *fill*         0x000031ea        0x2 
 .rodata._global_impure_ptr
                0x000031ec        0x4 c:/freescale/kds_v3/toolchain/bin/../lib/gcc/arm-none-eabi/4.8.4/../../../../arm-none-eabi/lib/armv7e-m/fpu\libg_s.a(lib_a-impure.o)
                0x000031ec                _global_impure_ptr
 *(.glue_7)
 .glue_7        0x00000000        0x0 linker stubs
 *(.glue_7t)
 .glue_7t       0x00000000        0x0 linker stubs
 *(.eh_frame)
 .eh_frame      0x000031f0        0x0 c:/freescale/kds_v3/toolchain/bin/../lib/gcc/arm-none-eabi/4.8.4/armv7e-m/fpu/crtbegin.o
 *(.init)
 .init          0x000031f0        0x4 c:/freescale/kds_v3/toolchain/bin/../lib/gcc/arm-none-eabi/4.8.4/armv7e-m/fpu/crti.o
                0x000031f0                _init
 .init          0x000031f4        0x8 c:/freescale/kds_v3/toolchain/bin/../lib/gcc/arm-none-eabi/4.8.4/armv7e-m/fpu/crtn.o
 *(.fini)
 .fini          0x000031fc        0x4 c:/freescale/kds_v3/toolchain/bin/../lib/gcc/arm-none-eabi/4.8.4/armv7e-m/fpu/crti.o
                0x000031fc                _fini
 .fini          0x00003200        0x8 c:/freescale/kds_v3/toolchain/bin/../lib/gcc/arm-none-eabi/4.8.4/armv7e-m/fpu/crtn.o
                0x00003208                . = ALIGN (0x4)
                0x00003208                _etext = .

.vfp11_veneer   0x00003208        0x0
 .vfp11_veneer  0x00000000        0x0 linker stubs

.v4_bx          0x00003208        0x0
 .v4_bx         0x00000000        0x0 linker stubs

.iplt           0x00003208        0x0
 .iplt          0x00000000        0x0 c:/freescale/kds_v3/toolchain/bin/../lib/gcc/arm-none-eabi/4.8.4/armv7e-m/fpu/crtbegin.o

.ARM.extab
 *(.ARM.extab* .gnu.linkonce.armextab.*)

.ARM            0x00003208        0x8
                0x00003208                __exidx_start = .
 *(.ARM.exidx*)
 .ARM.exidx     0x00003208        0x8 c:/freescale/kds_v3/toolchain/bin/../lib/gcc/arm-none-eabi/4.8.4/../../../../arm-none-eabi/lib/armv7e-m/fpu/crt0.o
                0x00003210                __exidx_end = .

.rel.dyn        0x00003210        0x0
 .rel.iplt      0x00000000        0x0 c:/freescale/kds_v3/toolchain/bin/../lib/gcc/arm-none-eabi/4.8.4/armv7e-m/fpu/crtbegin.o

.ctors          0x00003210        0x0
                0x00003210                __CTOR_LIST__ = .
 *crtbegin.o(.ctors)
 *(EXCLUDE_FILE(*crtend.o) .ctors)
 *(SORT(.ctors.*))
 *(.ctors)
                0x00003210                __CTOR_END__ = .

.dtors          0x00003210        0x0
                0x00003210                __DTOR_LIST__ = .
 *crtbegin.o(.dtors)
 *(EXCLUDE_FILE(*crtend.o) .dtors)
 *(SORT(.dtors.*))
 *(.dtors)
                0x00003210                __DTOR_END__ = .

.preinit_array  0x00003210        0x0
                0x00003210                PROVIDE (__preinit_array_start, .)
 *(.preinit_array*)
                0x00003210                PROVIDE (__preinit_array_end, .)

.init_array     0x00003210        0x4
                0x00003210                PROVIDE (__init_array_start, .)
 *(SORT(.init_array.*))
 *(.init_array*)
 .init_array    0x00003210        0x4 c:/freescale/kds_v3/toolchain/bin/../lib/gcc/arm-none-eabi/4.8.4/armv7e-m/fpu/crtbegin.o
                0x00003214                PROVIDE (__init_array_end, .)

.fini_array     0x00003214        0x4
                0x00003214                PROVIDE (__fini_array_start, .)
 *(SORT(.fini_array.*))
 *(.fini_array*)
 .fini_array    0x00003214        0x4 c:/freescale/kds_v3/toolchain/bin/../lib/gcc/arm-none-eabi/4.8.4/armv7e-m/fpu/crtbegin.o
                0x00003218                PROVIDE (__fini_array_end, .)
                0x00003218                ___ROM_AT = .

.data           0x1fff0000       0x88 load address 0x00003218
                0x1fff0000                . = ALIGN (0x4)
                0x1fff0000                _sdata = .
 *(.data)
 *(.data*)
 .data.sine     0x1fff0000       0x24 ./Sources/main.o
                0x1fff0000                sine
 .data.freeList.5646
                0x1fff0024        0x1 C:\Users\Declan\Documents\GitKraken\Power Meter\Library\libLab3.a(Flash.o)
 *fill*         0x1fff0025        0x3 
 .data.impure_data
                0x1fff0028       0x60 c:/freescale/kds_v3/toolchain/bin/../lib/gcc/arm-none-eabi/4.8.4/../../../../arm-none-eabi/lib/armv7e-m/fpu\libg_s.a(lib_a-impure.o)
                0x1fff0088                . = ALIGN (0x4)
                0x1fff0088                _edata = .
                0x00000088                ___data_size = (_edata - _sdata)
                0x000032a0                ___m_data_20000000_ROMStart = (___ROM_AT + SIZEOF (.data))

.jcr            0x1fff0088        0x0 load address 0x000032a0
 .jcr           0x1fff0088        0x0 c:/freescale/kds_v3/toolchain/bin/../lib/gcc/arm-none-eabi/4.8.4/armv7e-m/fpu/crtbegin.o

.igot.plt       0x1fff0088        0x0 load address 0x000032a0
 .igot.plt      0x00000000        0x0 c:/freescale/kds_v3/toolchain/bin/../lib/gcc/arm-none-eabi/4.8.4/armv7e-m/fpu/crtbegin.o

.m_data_20000000
                0x20000000        0x0 load address 0x000032a0
                0x20000000                . = ALIGN (0x4)
                0x20000000                ___m_data_20000000_RAMStart = .
 *(.m_data_20000000)
                0x20000000                ___m_data_20000000_RAMEnd = .
                0x20000000                . = ALIGN (0x4)
                0x00000000                ___m_data_20000000_ROMSize = (___m_data_20000000_RAMEnd - ___m_data_20000000_RAMStart)
                0x20000000                . = ALIGN (0x4)

.bss            0x1fff0088      0x44c load address 0x000032a0
                0x1fff0088                __START_BSS = .
                0x1fff0088                PROVIDE (__bss_start__, __START_BSS)
 *(.bss)
 .bss           0x1fff0088       0x1c c:/freescale/kds_v3/toolchain/bin/../lib/gcc/arm-none-eabi/4.8.4/armv7e-m/fpu/crtbegin.o
 *(.bss*)
 .bss.SR_lock   0x1fff00a4        0x1 ./Generated_Code/Cpu.o
                0x1fff00a4                SR_lock
 *fill*         0x1fff00a5        0x3 
 .bss.pTCBAllocatedList
                0x1fff00a8        0x4 C:\Users\Declan\Documents\GitKraken\Power Meter\Library\libOS.a(OS.o)
 .bss.pTCBPriorityTable
                0x1fff00ac       0x80 C:\Users\Declan\Documents\GitKraken\Power Meter\Library\libOS.a(OS.o)
 .bss.pTCBRunning
                0x1fff012c        0x4 C:\Users\Declan\Documents\GitKraken\Power Meter\Library\libOS.a(OS.o)
 .bss.pTCBHighestReady
                0x1fff0130        0x4 C:\Users\Declan\Documents\GitKraken\Power Meter\Library\libOS.a(OS.o)
 .bss.ReadyList
                0x1fff0134        0x4 C:\Users\Declan\Documents\GitKraken\Power Meter\Library\libOS.a(OS.o)
 .bss.Ticks     0x1fff0138        0x4 C:\Users\Declan\Documents\GitKraken\Power Meter\Library\libOS.a(OS.o)
 .bss.ToggleCntr
                0x1fff013c        0x4 C:\Users\Declan\Documents\GitKraken\Power Meter\Library\libOS.a(OS.o)
 .bss.ToggleLED
                0x1fff0140        0x1 C:\Users\Declan\Documents\GitKraken\Power Meter\Library\libOS.a(OS.o)
 .bss.ISRNestLevel
                0x1fff0141        0x1 C:\Users\Declan\Documents\GitKraken\Power Meter\Library\libOS.a(OS.o)
 *fill*         0x1fff0142        0x2 
 .bss.UserFunction
                0x1fff0144       0x20 C:\Users\Declan\Documents\GitKraken\Power Meter\Library\libLab3.a(FTM.o)
 .bss.UserArguments
                0x1fff0164       0x20 C:\Users\Declan\Documents\GitKraken\Power Meter\Library\libLab3.a(FTM.o)
 .bss.FlashCommonCommandObject
                0x1fff0184        0xc C:\Users\Declan\Documents\GitKraken\Power Meter\Library\libLab3.a(Flash.o)
 .bss.UserFunction
                0x1fff0190        0x4 C:\Users\Declan\Documents\GitKraken\Power Meter\Library\libLab3.a(RTC.o)
 .bss.UserArguments
                0x1fff0194        0x4 C:\Users\Declan\Documents\GitKraken\Power Meter\Library\libLab3.a(RTC.o)
 .bss.TxFIFO    0x1fff0198      0x108 C:\Users\Declan\Documents\GitKraken\Power Meter\Library\libLab3.a(UART.o)
 .bss.RxFIFO    0x1fff02a0      0x108 C:\Users\Declan\Documents\GitKraken\Power Meter\Library\libLab3.a(UART.o)
 .bss.nbBytesInPacket.4074
                0x1fff03a8        0x1 C:\Users\Declan\Documents\GitKraken\Power Meter\Library\libLab3.a(packet.o)
 *fill*         0x1fff03a9        0x3 
 .bss.ADCCommandUnion
                0x1fff03ac        0x4 C:\Users\Declan\Documents\GitKraken\Power Meter\Library\libAnalog.a(analog.o)
 *(COMMON)
 COMMON         0x1fff03b0      0x114 ./Sources/main.o
                0x1fff03b0                CurrentRMS
                0x1fff03b8                AnalogOutput
                0x1fff0408                VoltageInputData
                0x1fff0438                InstantPower
                0x1fff043c                CurrentInputData
                0x1fff046c                InputVoltValues
                0x1fff048c                InputCurrValues
                0x1fff04ac                UARTRxSemaphore
                0x1fff04b0                UARTTxSemaphore
                0x1fff04b4                InputVoltPtr
                0x1fff04b8                InputCurrPtr
                0x1fff04bc                VoltageRMS
 COMMON         0x1fff04c4        0x1 ./Generated_Code/Cpu.o
                0x1fff04c4                SR_reg
 *fill*         0x1fff04c5        0x3 
 COMMON         0x1fff04c8        0x5 C:\Users\Declan\Documents\GitKraken\Power Meter\Library\libLab3.a(packet.o)
                0x1fff04c8                Packet
 *fill*         0x1fff04cd        0x3 
 COMMON         0x1fff04d0        0x4 C:\Users\Declan\Documents\GitKraken\Power Meter\Library\libAnalog.a(analog.o)
                0x1fff04d0                DACInput
                0x1fff04d4                . = ALIGN (0x4)
                0x1fff04d4                __END_BSS = .
                0x1fff04d4                PROVIDE (__bss_end__, __END_BSS)
                0x000032a0                _romp_at = ((___ROM_AT + SIZEOF (.data)) + SIZEOF (.m_data_20000000))

.romp           0x1fff04d4       0x24 load address 0x000032a0
                0x000032a0                __S_romp = _romp_at
                0x1fff04d4        0x4 LONG 0x3218 ___ROM_AT
                0x1fff04d8        0x4 LONG 0x1fff0000 _sdata
                0x1fff04dc        0x4 LONG 0x88 ___data_size
                0x1fff04e0        0x4 LONG 0x32a0 ___m_data_20000000_ROMStart
                0x1fff04e4        0x4 LONG 0x20000000 ___m_data_20000000_RAMStart
                0x1fff04e8        0x4 LONG 0x0 ___m_data_20000000_ROMSize
                0x1fff04ec        0x4 LONG 0x0
                0x1fff04f0        0x4 LONG 0x0
                0x1fff04f4        0x4 LONG 0x0

._user_heap_stack
                0x1fff04f8      0x400 load address 0x000032c4
                0x1fff04f8                . = ALIGN (0x4)
                0x1fff04f8                PROVIDE (end, .)
                0x1fff04f8                PROVIDE (_end, .)
                0x1fff04f8                __heap_addr = .
                0x1fff04f8                __HeapBase = .
                0x1fff04f8                . = (. + __heap_size)
                0x1fff04f8                __HeapLimit = .
                0x1fff08f8                . = (. + __stack_size)
 *fill*         0x1fff04f8      0x400 
                0x1fff08f8                . = ALIGN (0x4)

.ARM.attributes
                0x00000000       0x30
 *(.ARM.attributes)
 .ARM.attributes
                0x00000000       0x22 c:/freescale/kds_v3/toolchain/bin/../lib/gcc/arm-none-eabi/4.8.4/armv7e-m/fpu/crti.o
 .ARM.attributes
                0x00000022       0x34 c:/freescale/kds_v3/toolchain/bin/../lib/gcc/arm-none-eabi/4.8.4/armv7e-m/fpu/crtbegin.o
 .ARM.attributes
                0x00000056       0x20 c:/freescale/kds_v3/toolchain/bin/../lib/gcc/arm-none-eabi/4.8.4/../../../../arm-none-eabi/lib/armv7e-m/fpu/crt0.o
 .ARM.attributes
                0x00000076       0x39 ./Sources/Command.o
 .ARM.attributes
                0x000000af       0x39 ./Sources/Mathematics.o
 .ARM.attributes
                0x000000e8       0x39 ./Sources/MyPIT.o
 .ARM.attributes
                0x00000121       0x39 ./Sources/main.o
 .ARM.attributes
                0x0000015a       0x39 ./Project_Settings/Startup_Code/startup.o
 .ARM.attributes
                0x00000193       0x39 ./Generated_Code/Cpu.o
 .ARM.attributes
                0x000001cc       0x39 ./Generated_Code/Vectors.o
 .ARM.attributes
                0x00000205       0x39 C:\Users\Declan\Documents\GitKraken\Power Meter\Library\libOS.a(OS.o)
 .ARM.attributes
                0x0000023e       0x39 C:\Users\Declan\Documents\GitKraken\Power Meter\Library\libLab3.a(FTM.o)
 .ARM.attributes
                0x00000277       0x39 C:\Users\Declan\Documents\GitKraken\Power Meter\Library\libLab3.a(Flash.o)
 .ARM.attributes
                0x000002b0       0x39 C:\Users\Declan\Documents\GitKraken\Power Meter\Library\libLab3.a(RTC.o)
 .ARM.attributes
                0x000002e9       0x39 C:\Users\Declan\Documents\GitKraken\Power Meter\Library\libLab3.a(UART.o)
 .ARM.attributes
                0x00000322       0x39 C:\Users\Declan\Documents\GitKraken\Power Meter\Library\libLab3.a(packet.o)
 .ARM.attributes
                0x0000035b       0x39 C:\Users\Declan\Documents\GitKraken\Power Meter\Library\libLab3.a(FIFO.o)
 .ARM.attributes
                0x00000394       0x39 C:\Users\Declan\Documents\GitKraken\Power Meter\Library\libAnalog.a(analog.o)
 .ARM.attributes
                0x000003cd       0x39 C:\Users\Declan\Documents\GitKraken\Power Meter\Library\libAnalog.a(SPI.o)
 .ARM.attributes
                0x00000406       0x22 c:/freescale/kds_v3/toolchain/bin/../lib/gcc/arm-none-eabi/4.8.4/armv7e-m/fpu\libgcc.a(_arm_addsubdf3.o)
 .ARM.attributes
                0x00000428       0x22 c:/freescale/kds_v3/toolchain/bin/../lib/gcc/arm-none-eabi/4.8.4/armv7e-m/fpu\libgcc.a(_arm_muldivdf3.o)
 .ARM.attributes
                0x0000044a       0x22 c:/freescale/kds_v3/toolchain/bin/../lib/gcc/arm-none-eabi/4.8.4/armv7e-m/fpu\libgcc.a(_arm_truncdfsf2.o)
 .ARM.attributes
                0x0000046c       0x34 c:/freescale/kds_v3/toolchain/bin/../lib/gcc/arm-none-eabi/4.8.4/../../../../arm-none-eabi/lib/armv7e-m/fpu\libg_s.a(lib_a-exit.o)
 .ARM.attributes
                0x000004a0       0x34 c:/freescale/kds_v3/toolchain/bin/../lib/gcc/arm-none-eabi/4.8.4/../../../../arm-none-eabi/lib/armv7e-m/fpu\libg_s.a(lib_a-impure.o)
 .ARM.attributes
                0x000004d4       0x34 c:/freescale/kds_v3/toolchain/bin/../lib/gcc/arm-none-eabi/4.8.4/../../../../arm-none-eabi/lib/armv7e-m/fpu\libg_s.a(lib_a-init.o)
 .ARM.attributes
                0x00000508       0x34 c:/freescale/kds_v3/toolchain/bin/../lib/gcc/arm-none-eabi/4.8.4/../../../../arm-none-eabi/lib/armv7e-m/fpu\libg_s.a(lib_a-memset.o)
 .ARM.attributes
                0x0000053c       0x34 c:/freescale/kds_v3/toolchain/bin/../lib/gcc/arm-none-eabi/4.8.4/../../../../arm-none-eabi/lib/armv7e-m/fpu\libnosys.a(_exit.o)
 .ARM.attributes
                0x00000570       0x22 c:/freescale/kds_v3/toolchain/bin/../lib/gcc/arm-none-eabi/4.8.4/armv7e-m/fpu/crtn.o
OUTPUT(Project.elf elf32-littlearm)

.debug_info     0x00000000     0x626e
 .debug_info    0x00000000      0x231 ./Sources/Command.o
 .debug_info    0x00000231      0x1c0 ./Sources/Mathematics.o
 .debug_info    0x000003f1      0x61d ./Sources/MyPIT.o
 .debug_info    0x00000a0e      0x5b7 ./Sources/main.o
 .debug_info    0x00000fc5      0x3b0 ./Project_Settings/Startup_Code/startup.o
 .debug_info    0x00001375      0xc82 ./Generated_Code/Cpu.o
 .debug_info    0x00001ff7      0x167 ./Generated_Code/Vectors.o
 .debug_info    0x0000215e      0xd02 C:\Users\Declan\Documents\GitKraken\Power Meter\Library\libOS.a(OS.o)
 .debug_info    0x00002e60      0x761 C:\Users\Declan\Documents\GitKraken\Power Meter\Library\libLab3.a(FTM.o)
 .debug_info    0x000035c1      0x8d3 C:\Users\Declan\Documents\GitKraken\Power Meter\Library\libLab3.a(Flash.o)
 .debug_info    0x00003e94      0x608 C:\Users\Declan\Documents\GitKraken\Power Meter\Library\libLab3.a(RTC.o)
 .debug_info    0x0000449c      0x999 C:\Users\Declan\Documents\GitKraken\Power Meter\Library\libLab3.a(UART.o)
 .debug_info    0x00004e35      0x333 C:\Users\Declan\Documents\GitKraken\Power Meter\Library\libLab3.a(packet.o)
 .debug_info    0x00005168      0x23c C:\Users\Declan\Documents\GitKraken\Power Meter\Library\libLab3.a(FIFO.o)
 .debug_info    0x000053a4      0x46a C:\Users\Declan\Documents\GitKraken\Power Meter\Library\libAnalog.a(analog.o)
 .debug_info    0x0000580e      0xa60 C:\Users\Declan\Documents\GitKraken\Power Meter\Library\libAnalog.a(SPI.o)

.debug_abbrev   0x00000000     0x176a
 .debug_abbrev  0x00000000       0xd6 ./Sources/Command.o
 .debug_abbrev  0x000000d6       0xe3 ./Sources/Mathematics.o
 .debug_abbrev  0x000001b9      0x138 ./Sources/MyPIT.o
 .debug_abbrev  0x000002f1      0x1f1 ./Sources/main.o
 .debug_abbrev  0x000004e2      0x189 ./Project_Settings/Startup_Code/startup.o
 .debug_abbrev  0x0000066b      0x185 ./Generated_Code/Cpu.o
 .debug_abbrev  0x000007f0       0xb3 ./Generated_Code/Vectors.o
 .debug_abbrev  0x000008a3      0x2f8 C:\Users\Declan\Documents\GitKraken\Power Meter\Library\libOS.a(OS.o)
 .debug_abbrev  0x00000b9b      0x1b1 C:\Users\Declan\Documents\GitKraken\Power Meter\Library\libLab3.a(FTM.o)
 .debug_abbrev  0x00000d4c      0x1fb C:\Users\Declan\Documents\GitKraken\Power Meter\Library\libLab3.a(Flash.o)
 .debug_abbrev  0x00000f47      0x15f C:\Users\Declan\Documents\GitKraken\Power Meter\Library\libLab3.a(RTC.o)
 .debug_abbrev  0x000010a6      0x1b4 C:\Users\Declan\Documents\GitKraken\Power Meter\Library\libLab3.a(UART.o)
 .debug_abbrev  0x0000125a       0xee C:\Users\Declan\Documents\GitKraken\Power Meter\Library\libLab3.a(packet.o)
 .debug_abbrev  0x00001348       0xfc C:\Users\Declan\Documents\GitKraken\Power Meter\Library\libLab3.a(FIFO.o)
 .debug_abbrev  0x00001444      0x151 C:\Users\Declan\Documents\GitKraken\Power Meter\Library\libAnalog.a(analog.o)
 .debug_abbrev  0x00001595      0x1d5 C:\Users\Declan\Documents\GitKraken\Power Meter\Library\libAnalog.a(SPI.o)

.debug_aranges  0x00000000      0x4c0
 .debug_aranges
                0x00000000       0x70 ./Sources/Command.o
 .debug_aranges
                0x00000070       0x28 ./Sources/Mathematics.o
 .debug_aranges
                0x00000098       0x50 ./Sources/MyPIT.o
 .debug_aranges
                0x000000e8       0x60 ./Sources/main.o
 .debug_aranges
                0x00000148       0x50 ./Project_Settings/Startup_Code/startup.o
 .debug_aranges
                0x00000198       0x38 ./Generated_Code/Cpu.o
 .debug_aranges
                0x000001d0       0x18 ./Generated_Code/Vectors.o
 .debug_aranges
                0x000001e8       0xc8 C:\Users\Declan\Documents\GitKraken\Power Meter\Library\libOS.a(OS.o)
 .debug_aranges
                0x000002b0       0x38 C:\Users\Declan\Documents\GitKraken\Power Meter\Library\libLab3.a(FTM.o)
 .debug_aranges
                0x000002e8       0x68 C:\Users\Declan\Documents\GitKraken\Power Meter\Library\libLab3.a(Flash.o)
 .debug_aranges
                0x00000350       0x38 C:\Users\Declan\Documents\GitKraken\Power Meter\Library\libLab3.a(RTC.o)
 .debug_aranges
                0x00000388       0x40 C:\Users\Declan\Documents\GitKraken\Power Meter\Library\libLab3.a(UART.o)
 .debug_aranges
                0x000003c8       0x38 C:\Users\Declan\Documents\GitKraken\Power Meter\Library\libLab3.a(packet.o)
 .debug_aranges
                0x00000400       0x30 C:\Users\Declan\Documents\GitKraken\Power Meter\Library\libLab3.a(FIFO.o)
 .debug_aranges
                0x00000430       0x38 C:\Users\Declan\Documents\GitKraken\Power Meter\Library\libAnalog.a(analog.o)
 .debug_aranges
                0x00000468       0x58 C:\Users\Declan\Documents\GitKraken\Power Meter\Library\libAnalog.a(SPI.o)

.debug_ranges   0x00000000      0x3b8
 .debug_ranges  0x00000000       0x60 ./Sources/Command.o
 .debug_ranges  0x00000060       0x18 ./Sources/Mathematics.o
 .debug_ranges  0x00000078       0x40 ./Sources/MyPIT.o
 .debug_ranges  0x000000b8       0x50 ./Sources/main.o
 .debug_ranges  0x00000108       0x40 ./Project_Settings/Startup_Code/startup.o
 .debug_ranges  0x00000148       0x28 ./Generated_Code/Cpu.o
 .debug_ranges  0x00000170       0xb8 C:\Users\Declan\Documents\GitKraken\Power Meter\Library\libOS.a(OS.o)
 .debug_ranges  0x00000228       0x28 C:\Users\Declan\Documents\GitKraken\Power Meter\Library\libLab3.a(FTM.o)
 .debug_ranges  0x00000250       0x58 C:\Users\Declan\Documents\GitKraken\Power Meter\Library\libLab3.a(Flash.o)
 .debug_ranges  0x000002a8       0x28 C:\Users\Declan\Documents\GitKraken\Power Meter\Library\libLab3.a(RTC.o)
 .debug_ranges  0x000002d0       0x30 C:\Users\Declan\Documents\GitKraken\Power Meter\Library\libLab3.a(UART.o)
 .debug_ranges  0x00000300       0x28 C:\Users\Declan\Documents\GitKraken\Power Meter\Library\libLab3.a(packet.o)
 .debug_ranges  0x00000328       0x20 C:\Users\Declan\Documents\GitKraken\Power Meter\Library\libLab3.a(FIFO.o)
 .debug_ranges  0x00000348       0x28 C:\Users\Declan\Documents\GitKraken\Power Meter\Library\libAnalog.a(analog.o)
 .debug_ranges  0x00000370       0x48 C:\Users\Declan\Documents\GitKraken\Power Meter\Library\libAnalog.a(SPI.o)

.debug_macro    0x00000000    0x33ad9
 .debug_macro   0x00000000       0x8c ./Sources/Command.o
 .debug_macro   0x0000008c      0x850 ./Sources/Command.o
 .debug_macro   0x000008dc       0x46 ./Sources/Command.o
 .debug_macro   0x00000922       0x16 ./Sources/Command.o
 .debug_macro   0x00000938       0x44 ./Sources/Command.o
 .debug_macro   0x0000097c      0x209 ./Sources/Command.o
 .debug_macro   0x00000b85       0x22 ./Sources/Command.o
 .debug_macro   0x00000ba7       0x36 ./Sources/Command.o
 .debug_macro   0x00000bdd     0x1800 ./Sources/Command.o
 .debug_macro   0x000023dd       0x28 ./Sources/Command.o
 .debug_macro   0x00002405       0x3a ./Sources/Command.o
 .debug_macro   0x0000243f       0x7a ./Sources/Mathematics.o
 .debug_macro   0x000024b9       0x1c ./Sources/Mathematics.o
 .debug_macro   0x000024d5       0xba ./Sources/MyPIT.o
 .debug_macro   0x0000258f       0x1c ./Sources/MyPIT.o
 .debug_macro   0x000025ab    0x174c1 ./Sources/MyPIT.o
 .debug_macro   0x00019a6c      0x14e ./Sources/MyPIT.o
 .debug_macro   0x00019bba       0x64 ./Sources/MyPIT.o
 .debug_macro   0x00019c1e       0x9a ./Sources/MyPIT.o
 .debug_macro   0x00019cb8      0x15c ./Sources/main.o
 .debug_macro   0x00019e14     0x17fa ./Sources/main.o
 .debug_macro   0x0001b60e       0x9a ./Sources/main.o
 .debug_macro   0x0001b6a8       0x30 ./Sources/main.o
 .debug_macro   0x0001b6d8       0x3a ./Sources/main.o
 .debug_macro   0x0001b712       0x10 ./Sources/main.o
 .debug_macro   0x0001b722       0x2e ./Sources/main.o
 .debug_macro   0x0001b750       0x22 ./Sources/main.o
 .debug_macro   0x0001b772      0x121 ./Project_Settings/Startup_Code/startup.o
 .debug_macro   0x0001b893      0x166 ./Project_Settings/Startup_Code/startup.o
 .debug_macro   0x0001b9f9      0x2a6 ./Project_Settings/Startup_Code/startup.o
 .debug_macro   0x0001bc9f       0x10 ./Project_Settings/Startup_Code/startup.o
 .debug_macro   0x0001bcaf       0x35 ./Project_Settings/Startup_Code/startup.o
 .debug_macro   0x0001bce4       0x16 ./Project_Settings/Startup_Code/startup.o
 .debug_macro   0x0001bcfa    0x174af ./Project_Settings/Startup_Code/startup.o
 .debug_macro   0x000331a9       0x84 ./Generated_Code/Cpu.o
 .debug_macro   0x0003322d       0xa0 ./Generated_Code/Cpu.o
 .debug_macro   0x000332cd       0xd2 ./Generated_Code/Vectors.o
 .debug_macro   0x0003339f       0xa3 C:\Users\Declan\Documents\GitKraken\Power Meter\Library\libOS.a(OS.o)
 .debug_macro   0x00033442       0x94 C:\Users\Declan\Documents\GitKraken\Power Meter\Library\libOS.a(OS.o)
 .debug_macro   0x000334d6       0xbf C:\Users\Declan\Documents\GitKraken\Power Meter\Library\libLab3.a(FTM.o)
 .debug_macro   0x00033595       0xaa C:\Users\Declan\Documents\GitKraken\Power Meter\Library\libLab3.a(Flash.o)
 .debug_macro   0x0003363f       0xa4 C:\Users\Declan\Documents\GitKraken\Power Meter\Library\libLab3.a(RTC.o)
 .debug_macro   0x000336e3       0x94 C:\Users\Declan\Documents\GitKraken\Power Meter\Library\libLab3.a(RTC.o)
 .debug_macro   0x00033777       0xad C:\Users\Declan\Documents\GitKraken\Power Meter\Library\libLab3.a(UART.o)
 .debug_macro   0x00033824       0x6e C:\Users\Declan\Documents\GitKraken\Power Meter\Library\libLab3.a(packet.o)
 .debug_macro   0x00033892       0x34 C:\Users\Declan\Documents\GitKraken\Power Meter\Library\libLab3.a(packet.o)
 .debug_macro   0x000338c6       0xa6 C:\Users\Declan\Documents\GitKraken\Power Meter\Library\libLab3.a(FIFO.o)
 .debug_macro   0x0003396c       0xf5 C:\Users\Declan\Documents\GitKraken\Power Meter\Library\libAnalog.a(analog.o)
 .debug_macro   0x00033a61       0x10 C:\Users\Declan\Documents\GitKraken\Power Meter\Library\libAnalog.a(analog.o)
 .debug_macro   0x00033a71       0x68 C:\Users\Declan\Documents\GitKraken\Power Meter\Library\libAnalog.a(SPI.o)

.debug_line     0x00000000     0x2c9f
 .debug_line    0x00000000      0x2e4 ./Sources/Command.o
 .debug_line    0x000002e4      0x244 ./Sources/Mathematics.o
 .debug_line    0x00000528      0x33e ./Sources/MyPIT.o
 .debug_line    0x00000866      0x3e9 ./Sources/main.o
 .debug_line    0x00000c4f      0x3d1 ./Project_Settings/Startup_Code/startup.o
 .debug_line    0x00001020      0x275 ./Generated_Code/Cpu.o
 .debug_line    0x00001295      0x26c ./Generated_Code/Vectors.o
 .debug_line    0x00001501      0x496 C:\Users\Declan\Documents\GitKraken\Power Meter\Library\libOS.a(OS.o)
 .debug_line    0x00001997      0x222 C:\Users\Declan\Documents\GitKraken\Power Meter\Library\libLab3.a(FTM.o)
 .debug_line    0x00001bb9      0x2c7 C:\Users\Declan\Documents\GitKraken\Power Meter\Library\libLab3.a(Flash.o)
 .debug_line    0x00001e80      0x25d C:\Users\Declan\Documents\GitKraken\Power Meter\Library\libLab3.a(RTC.o)
 .debug_line    0x000020dd      0x299 C:\Users\Declan\Documents\GitKraken\Power Meter\Library\libLab3.a(UART.o)
 .debug_line    0x00002376      0x1f6 C:\Users\Declan\Documents\GitKraken\Power Meter\Library\libLab3.a(packet.o)
 .debug_line    0x0000256c      0x260 C:\Users\Declan\Documents\GitKraken\Power Meter\Library\libLab3.a(FIFO.o)
 .debug_line    0x000027cc      0x200 C:\Users\Declan\Documents\GitKraken\Power Meter\Library\libAnalog.a(analog.o)
 .debug_line    0x000029cc      0x2d3 C:\Users\Declan\Documents\GitKraken\Power Meter\Library\libAnalog.a(SPI.o)

.debug_str      0x00000000    0x8f0b4
 .debug_str     0x00000000     0xa455 ./Sources/Command.o
                               0xa5c8 (size before relaxing)
 .debug_str     0x0000a455       0xf4 ./Sources/Mathematics.o
                               0xa20a (size before relaxing)
 .debug_str     0x0000a549    0x808d0 ./Sources/MyPIT.o
                              0x8a9e9 (size before relaxing)
 .debug_str     0x0008ae19      0x2b9 ./Sources/main.o
                              0x8af2d (size before relaxing)
 .debug_str     0x0008b0d2     0x265e ./Project_Settings/Startup_Code/startup.o
                              0x853f6 (size before relaxing)
 .debug_str     0x0008d730      0x246 ./Generated_Code/Cpu.o
                              0x8aa27 (size before relaxing)
 .debug_str     0x0008d976       0x23 ./Generated_Code/Vectors.o
                              0x8a818 (size before relaxing)
 .debug_str     0x0008d999      0x499 C:\Users\Declan\Documents\GitKraken\Power Meter\Library\libOS.a(OS.o)
                              0x8ad2a (size before relaxing)
 .debug_str     0x0008de32      0x3ac C:\Users\Declan\Documents\GitKraken\Power Meter\Library\libLab3.a(FTM.o)
                              0x8a2a8 (size before relaxing)
 .debug_str     0x0008e1de      0x344 C:\Users\Declan\Documents\GitKraken\Power Meter\Library\libLab3.a(Flash.o)
                              0x835e7 (size before relaxing)
 .debug_str     0x0008e522       0x57 C:\Users\Declan\Documents\GitKraken\Power Meter\Library\libLab3.a(RTC.o)
                              0x8a848 (size before relaxing)
 .debug_str     0x0008e579      0x170 C:\Users\Declan\Documents\GitKraken\Power Meter\Library\libLab3.a(UART.o)
                              0x8a9c4 (size before relaxing)
 .debug_str     0x0008e6e9       0x77 C:\Users\Declan\Documents\GitKraken\Power Meter\Library\libLab3.a(packet.o)
                               0x32bc (size before relaxing)
 .debug_str     0x0008e760       0x2e C:\Users\Declan\Documents\GitKraken\Power Meter\Library\libLab3.a(FIFO.o)
                              0x8a6ef (size before relaxing)
 .debug_str     0x0008e78e      0x57c C:\Users\Declan\Documents\GitKraken\Power Meter\Library\libAnalog.a(analog.o)
                               0x3866 (size before relaxing)
 .debug_str     0x0008ed0a      0x3aa C:\Users\Declan\Documents\GitKraken\Power Meter\Library\libAnalog.a(SPI.o)
                              0x83389 (size before relaxing)

.comment        0x00000000       0x70
 .comment       0x00000000       0x70 ./Sources/Command.o
                                 0x71 (size before relaxing)
 .comment       0x00000000       0x71 ./Sources/Mathematics.o
 .comment       0x00000000       0x71 ./Sources/MyPIT.o
 .comment       0x00000000       0x71 ./Sources/main.o
 .comment       0x00000000       0x71 ./Project_Settings/Startup_Code/startup.o
 .comment       0x00000000       0x71 ./Generated_Code/Cpu.o
 .comment       0x00000000       0x71 ./Generated_Code/Vectors.o
 .comment       0x00000000       0x71 C:\Users\Declan\Documents\GitKraken\Power Meter\Library\libOS.a(OS.o)
 .comment       0x00000000       0x71 C:\Users\Declan\Documents\GitKraken\Power Meter\Library\libLab3.a(FTM.o)
 .comment       0x00000000       0x71 C:\Users\Declan\Documents\GitKraken\Power Meter\Library\libLab3.a(Flash.o)
 .comment       0x00000000       0x71 C:\Users\Declan\Documents\GitKraken\Power Meter\Library\libLab3.a(RTC.o)
 .comment       0x00000000       0x71 C:\Users\Declan\Documents\GitKraken\Power Meter\Library\libLab3.a(UART.o)
 .comment       0x00000000       0x71 C:\Users\Declan\Documents\GitKraken\Power Meter\Library\libLab3.a(packet.o)
 .comment       0x00000000       0x71 C:\Users\Declan\Documents\GitKraken\Power Meter\Library\libLab3.a(FIFO.o)
 .comment       0x00000000       0x71 C:\Users\Declan\Documents\GitKraken\Power Meter\Library\libAnalog.a(analog.o)
 .comment       0x00000000       0x71 C:\Users\Declan\Documents\GitKraken\Power Meter\Library\libAnalog.a(SPI.o)

.debug_frame    0x00000000      0xd6c
 .debug_frame   0x00000000      0x128 ./Sources/Command.o
 .debug_frame   0x00000128       0x50 ./Sources/Mathematics.o
 .debug_frame   0x00000178       0xe4 ./Sources/MyPIT.o
 .debug_frame   0x0000025c      0x120 ./Sources/main.o
 .debug_frame   0x0000037c       0xc0 ./Project_Settings/Startup_Code/startup.o
 .debug_frame   0x0000043c       0x80 ./Generated_Code/Cpu.o
 .debug_frame   0x000004bc      0x2a0 C:\Users\Declan\Documents\GitKraken\Power Meter\Library\libOS.a(OS.o)
 .debug_frame   0x0000075c       0x84 C:\Users\Declan\Documents\GitKraken\Power Meter\Library\libLab3.a(FTM.o)
 .debug_frame   0x000007e0      0x140 C:\Users\Declan\Documents\GitKraken\Power Meter\Library\libLab3.a(Flash.o)
 .debug_frame   0x00000920       0x88 C:\Users\Declan\Documents\GitKraken\Power Meter\Library\libLab3.a(RTC.o)
 .debug_frame   0x000009a8       0xb0 C:\Users\Declan\Documents\GitKraken\Power Meter\Library\libLab3.a(UART.o)
 .debug_frame   0x00000a58       0x8c C:\Users\Declan\Documents\GitKraken\Power Meter\Library\libLab3.a(packet.o)
 .debug_frame   0x00000ae4       0x64 C:\Users\Declan\Documents\GitKraken\Power Meter\Library\libLab3.a(FIFO.o)
 .debug_frame   0x00000b48       0x90 C:\Users\Declan\Documents\GitKraken\Power Meter\Library\libAnalog.a(analog.o)
 .debug_frame   0x00000bd8      0x100 C:\Users\Declan\Documents\GitKraken\Power Meter\Library\libAnalog.a(SPI.o)
 .debug_frame   0x00000cd8       0x28 c:/freescale/kds_v3/toolchain/bin/../lib/gcc/arm-none-eabi/4.8.4/../../../../arm-none-eabi/lib/armv7e-m/fpu\libg_s.a(lib_a-exit.o)
 .debug_frame   0x00000d00       0x2c c:/freescale/kds_v3/toolchain/bin/../lib/gcc/arm-none-eabi/4.8.4/../../../../arm-none-eabi/lib/armv7e-m/fpu\libg_s.a(lib_a-init.o)
 .debug_frame   0x00000d2c       0x20 c:/freescale/kds_v3/toolchain/bin/../lib/gcc/arm-none-eabi/4.8.4/../../../../arm-none-eabi/lib/armv7e-m/fpu\libg_s.a(lib_a-memset.o)
 .debug_frame   0x00000d4c       0x20 c:/freescale/kds_v3/toolchain/bin/../lib/gcc/arm-none-eabi/4.8.4/../../../../arm-none-eabi/lib/armv7e-m/fpu\libnosys.a(_exit.o)
